/* klp-ccp: from testsuite/ccp/ext-obj-6.c */
extern char espr_o[4];

void klpp_pu_f(void)
{
	char s[sizeof(espr_o)];
}
