/* klp-ccp: from testsuite/ccp/fun-closure-8.h */
void* ee_g(void);

static void* ee_h(void)
{
	return &ee_g;
}

void* ee_g(void);

/* klp-ccp: from testsuite/ccp/fun-closure-8.c */
void klpp_pu_f(void)
{
	ee_g();
	ee_h();
}
