/* klp-ccp: from testsuite/ccp/fun-closure-9.h */
static void* ee_g(void);

void *ee_j(void);

static void *ee_i(void)
{
	return &ee_j;
}

void *ee_h(void);

void *ee_g(void)
{
	return &ee_h;
}

/* klp-ccp: from testsuite/ccp/fun-closure-9.c */
void klpp_pu_f(void)
{
	ee_g();
	ee_i();
	ee_j();
}
