/* klp-ccp: from testsuite/ccp/headers-5.c */
static void
#include "headers-5.h"
i(void)
{}

void klpp_pu_f(void)
{
	h();
}
