static void g(void);

#include "headers-4.h"

void klpp_pu_f(void)
{
	g();
}
