/* klp-ccp: from testsuite/ccp/headers-7.c */
void h(void);

#include "headers-7.h"

void klpp_pu_f(void)
{
	g();
}
