/* klp-ccp: from testsuite/ccp/macros-8.c */
#define A() +
#define B() 0

void klpp_pu_f(void)
{
	A()B();
}
