/* klp-ccp: from testsuite/ccp/macros-6.c */
#define A()
#define B

void klpp_pu_f(void)
{
	A()B
}
