#define A

#define B(a) a

void klpp_pu_f(void)
{
	B(A)
}
