/* klp-ccp: from testsuite/ccp/macros-21.h */
#define FOO int

static FOO g(void);

/* klp-ccp: from testsuite/ccp/macros-21.c */
#include "macros-21.h"

#define FOO void

FOO klpp_pu_f(void)
{
	g();
}
