/* klp-ccp: from testsuite/ccp/macros-25.c */
static int (*klpe_espr_i);

void klpp_pu_f(void)
{
	(*klpe_espr_i);
}
