#define A

#define B(a) # a

#define C(a) B(a)

void klpp_pu_f(void)
{
	C(A);
}
