#define FOO()

#if defined(G)
#error "klp-ccp: non-taken branch"
#elif defined(FOO)

#define G g

static void G(void);

#endif
#undef G
#include "macros-20.h"

void klpp_pu_f(void)
{
	G();
}
