/* klp-ccp: from testsuite/ccp/macros-18.c */
#define G g

static void G(void);

#include "macros-18.h"

void klpp_pu_f(void)
{
	g();
}
