/* klp-ccp: from testsuite/ccp/macros-14.c */
#define s hello

#define __str(a) #a
#define str(a) __str(a)

static void g(void)
{
	str(s);
}

#undef s

void klpp_pu_f(void)
{
	g();
	str(s);
}
