/* klp-ccp: from testsuite/ccp/macros-16.c */
#define G g

static void G(void)
{}

#undef G
#include "macros-16.h"

void klpp_pu_f(void)
{
	g();
	h();
}
