/* klp-ccp: from testsuite/ccp/macros-27.c */
static int (*klpe_espr_i);

void klpp_pu_f(void)
{
	"espr_i", (*klpe_espr_i);
}
