/* klp-ccp: from testsuite/ccp/macros-2.c */
#define A()
#define B A(

void klpp_pu_f(void)
{
	B)
}
