/* klp-ccp: from testsuite/ccp/tag-defs-1.c */
struct A
{
	int a;
};

void klpp_pu_f(struct A)
{}
