struct unneeded_container
{
	struct A *a;
};

void klpp_pu_f(struct A*)
{}
