/* klp-ccp: from testsuite/ccp/tag-decls-6.c */
enum A;

void klpp_pu_f(void)
{
	enum A *a;
}
