enum A
{
	a_a,
};

void klpp_pu_f(enum A *a)
{
	*a;
}
