enum A
{
	a_a,
};

void klpp_pu_f(void)
{
	a_a;
}
