/* klp-ccp: from testsuite/ccp/tag-decls-1.c */
struct A;

void klpp_pu_f(struct A*)
{}
