struct A;

void klpp_pu_f(void)
{
	struct A *a;
}
