/* klp-ccp: from testsuite/ccp/tag-decls-15.c */
struct A;

void klpp_pu_f(struct A *)
{}
