struct A
{
	struct B
	{
		int b;
	} *a_b;
};

static void klpp_ps_f(struct B)
{}
